// Jest Snapshot v1, https://goo.gl/fbAQLP

exports[`renders properly given the minimal required props 1`] = `
<div
  data-testid="autocomplete"
>
  test
</div>
`;
